// Jest Snapshot v1, https://goo.gl/fbAQLP

exports[`label render 1`] = `
<label
  text="my text"
/>
`;
